Resolving dependencies...
Downloading packages...
  app_links 6.4.1 (7.0.0 available)
  characters 1.4.0 (1.4.1 available)
  fl_chart 0.70.2 (1.1.1 available)
  flutter_lints 5.0.0 (6.0.0 available)
  go_router 16.3.0 (17.0.0 available)
  intl 0.19.0 (0.20.2 available)
  lints 5.1.1 (6.0.0 available)
  matcher 0.12.17 (0.12.18 available)
  material_color_utilities 0.11.1 (0.13.0 available)
  meta 1.16.0 (1.17.0 available)
  pinput 5.0.2 (6.0.1 available)
  test_api 0.7.6 (0.7.8 available)
Got dependencies!
12 packages have newer versions incompatible with dependency constraints.
Try `flutter pub outdated` for more information.
Building Windows application...                                 
flutter : lib/features/task
s/presentation/screens/add_
habit_screen.dart(521,38): 
error G79957FC8: A value 
of type 'int' can't be 
assigned to a variable of 
type 'String'. [C:\Users\mu
hannad\OneDrive - 
University of Jeddah\Deskto
p\Munset\turki munset\build
\windows\x64\flutter\flutte
r_assemble.vcxproj]
At line:1 char:1
+ flutter build windows > 
build_output.txt 2>&1
+ ~~~~~~~~~~~~~~~~~~~~~~~~~
~~~~~~~~~~~~~~~~~~~~
    + CategoryInfo         
     : NotSpecified: (lib  
  /features/ta...semble.   
 vcxproj]:String) [], R    
emoteException
    + FullyQualifiedErrorI 
   d : NativeCommandError
 
C:\Program Files 
(x86)\Microsoft Visual Stud
io\2019\BuildTools\MSBuild\
Microsoft\VC\v160\Microsoft
.CppCommon.targets(241,5): 
error MSB8066: Custom 
build for 'C:\Users\muhanna
d\OneDrive - University of 
Jeddah\Desktop\Munset\turki
 munset\build\windows\x64\C
MakeFiles\21a328ae78b39fadf
b8499ec7deb5885\flutter_win
dows.dll.rule;C:\Users\muha
nnad\OneDrive - University 
of Jeddah\Desktop\Munset\tu
rki munset\build\windows\x6
4\CMakeFiles\2585b2496680fe
279f4c9a775cf15c83\flutter_
assemble.rule' exited with 
code 1. [C:\Users\muhannad\
OneDrive - University of Je
ddah\Desktop\Munset\turki m
unset\build\windows\x64\flu
tter\flutter_assemble.vcxpr
oj]
Building Windows application...                                    12.5s
Build process failed.
